// Jest Snapshot v1, https://goo.gl/fbAQLP

exports[`selectProgressSpinnerOn with input {"features.generic-ui":{"progressSpinnerOn":true,"progressSpinnerText":"foobar"}} 1`] = `true`;

exports[`selectProgressSpinnerText with input {"features.generic-ui":{"progressSpinnerOn":true,"progressSpinnerText":"foobar"}} 1`] = `"foobar"`;
