// Jest Snapshot v1, https://goo.gl/fbAQLP

exports[`NativeInfiniteScrollComponent initalize should initialize the component properly: itemsShown 1`] = `
Array [
  "foocollectionItem1",
  "foocollectionItem2",
]
`;

exports[`NativeInfiniteScrollComponent initalize should initialize the component properly: totalRecords$ 1`] = `2`;

exports[`NativeInfiniteScrollComponent it should emit the new items and slices when we paginate: itemsShown 1`] = `
Array [
  "foocollectionItem1",
  "foocollectionItem2",
]
`;

exports[`NativeInfiniteScrollComponent shouldShowComponent$ should return true if there are more items 1`] = `true`;

exports[`NativeInfiniteScrollComponent totalRecords$ must return 0 if there are NO items returned (undefined) 1`] = `0`;

exports[`NativeInfiniteScrollComponent totalRecords$ must return the total records if there are NO pages (lastKey is undefined) 1`] = `2`;

exports[`NativeInfiniteScrollComponent totalRecords$ must return the total records if there are pages (lastKey is defined) 1`] = `2`;
