// Jest Snapshot v1, https://goo.gl/fbAQLP

exports[`MarkerIconsService should load SVG content to store on create 1`] = `
Array [
  Array [
    AddSvgIconContents {
      "svgContents": Array [
        Object {
          "content": "Mock SVG content from /assets/icon/asterisco.svg",
          "id": "asterisco",
        },
        Object {
          "content": "Mock SVG content from /assets/icon/atm.svg",
          "id": "atm",
        },
        Object {
          "content": "Mock SVG content from /assets/icon/bank.svg",
          "id": "bank",
        },
        Object {
          "content": "Mock SVG content from /assets/icon/bicycle_parking.svg",
          "id": "bicycle_parking",
        },
        Object {
          "content": "Mock SVG content from /assets/icon/bicycle.svg",
          "id": "bicycle",
        },
        Object {
          "content": "Mock SVG content from /assets/icon/bus_station.svg",
          "id": "bus_station",
        },
        Object {
          "content": "Mock SVG content from /assets/icon/cafe.svg",
          "id": "cafe",
        },
        Object {
          "content": "Mock SVG content from /assets/icon/cave_entrance.svg",
          "id": "cave_entrance",
        },
        Object {
          "content": "Mock SVG content from /assets/icon/checkpoint.svg",
          "id": "checkpoint",
        },
        Object {
          "content": "Mock SVG content from /assets/icon/city.svg",
          "id": "city",
        },
        Object {
          "content": "Mock SVG content from /assets/icon/cliff.svg",
          "id": "cliff",
        },
        Object {
          "content": "Mock SVG content from /assets/icon/drinking_water.svg",
          "id": "drinking_water",
        },
        Object {
          "content": "Mock SVG content from /assets/icon/finish.svg",
          "id": "finish",
        },
        Object {
          "content": "Mock SVG content from /assets/icon/fuel.svg",
          "id": "fuel",
        },
        Object {
          "content": "Mock SVG content from /assets/icon/hiking.svg",
          "id": "hiking",
        },
        Object {
          "content": "Mock SVG content from /assets/icon/hunting_stand.svg",
          "id": "hunting_stand",
        },
        Object {
          "content": "Mock SVG content from /assets/icon/lodging.svg",
          "id": "lodging",
        },
        Object {
          "content": "Mock SVG content from /assets/icon/marketplace.svg",
          "id": "marketplace",
        },
        Object {
          "content": "Mock SVG content from /assets/icon/mud.svg",
          "id": "mud",
        },
        Object {
          "content": "Mock SVG content from /assets/icon/parking.svg",
          "id": "parking",
        },
        Object {
          "content": "Mock SVG content from /assets/icon/peak.svg",
          "id": "peak",
        },
        Object {
          "content": "Mock SVG content from /assets/icon/pharmacy.svg",
          "id": "pharmacy",
        },
        Object {
          "content": "Mock SVG content from /assets/icon/photo.svg",
          "id": "photo",
        },
        Object {
          "content": "Mock SVG content from /assets/icon/picnic.svg",
          "id": "picnic",
        },
        Object {
          "content": "Mock SVG content from /assets/icon/place_of_worship.svg",
          "id": "place_of_worship",
        },
        Object {
          "content": "Mock SVG content from /assets/icon/police.svg",
          "id": "police",
        },
        Object {
          "content": "Mock SVG content from /assets/icon/post_box.svg",
          "id": "post_box",
        },
        Object {
          "content": "Mock SVG content from /assets/icon/post_office.svg",
          "id": "post_office",
        },
        Object {
          "content": "Mock SVG content from /assets/icon/pub.svg",
          "id": "pub",
        },
        Object {
          "content": "Mock SVG content from /assets/icon/recycling.svg",
          "id": "recycling",
        },
        Object {
          "content": "Mock SVG content from /assets/icon/restaurant.svg",
          "id": "restaurant",
        },
        Object {
          "content": "Mock SVG content from /assets/icon/shelter.svg",
          "id": "shelter",
        },
        Object {
          "content": "Mock SVG content from /assets/icon/sight.svg",
          "id": "sight",
        },
        Object {
          "content": "Mock SVG content from /assets/icon/spring.svg",
          "id": "spring",
        },
        Object {
          "content": "Mock SVG content from /assets/icon/start.svg",
          "id": "start",
        },
        Object {
          "content": "Mock SVG content from /assets/icon/start_finish.svg",
          "id": "start_finish",
        },
        Object {
          "content": "Mock SVG content from /assets/icon/store.svg",
          "id": "store",
        },
        Object {
          "content": "Mock SVG content from /assets/icon/sunsetland.svg",
          "id": "sunsetland",
        },
        Object {
          "content": "Mock SVG content from /assets/icon/telephone.svg",
          "id": "telephone",
        },
        Object {
          "content": "Mock SVG content from /assets/icon/toilets.svg",
          "id": "toilets",
        },
        Object {
          "content": "Mock SVG content from /assets/icon/train_station.svg",
          "id": "train_station",
        },
        Object {
          "content": "Mock SVG content from /assets/icon/tree.svg",
          "id": "tree",
        },
        Object {
          "content": "Mock SVG content from /assets/icon/waste_basket.svg",
          "id": "waste_basket",
        },
        Object {
          "content": "Mock SVG content from /assets/icon/water.svg",
          "id": "water",
        },
      ],
      "type": "[Marker icons] Add SVG icon contents",
    },
  ],
  Array [
    AddSvgMarkerContents {
      "svgContents": Array [
        Object {
          "content": "Mock SVG content from /assets/marker/asterisco.svg",
          "id": "asterisco",
        },
        Object {
          "content": "Mock SVG content from /assets/marker/atm.svg",
          "id": "atm",
        },
        Object {
          "content": "Mock SVG content from /assets/marker/bank.svg",
          "id": "bank",
        },
        Object {
          "content": "Mock SVG content from /assets/marker/bicycle_parking.svg",
          "id": "bicycle_parking",
        },
        Object {
          "content": "Mock SVG content from /assets/marker/bicycle.svg",
          "id": "bicycle",
        },
        Object {
          "content": "Mock SVG content from /assets/marker/bus_station.svg",
          "id": "bus_station",
        },
        Object {
          "content": "Mock SVG content from /assets/marker/cafe.svg",
          "id": "cafe",
        },
        Object {
          "content": "Mock SVG content from /assets/marker/cave_entrance.svg",
          "id": "cave_entrance",
        },
        Object {
          "content": "Mock SVG content from /assets/marker/checkpoint.svg",
          "id": "checkpoint",
        },
        Object {
          "content": "Mock SVG content from /assets/marker/city.svg",
          "id": "city",
        },
        Object {
          "content": "Mock SVG content from /assets/marker/cliff.svg",
          "id": "cliff",
        },
        Object {
          "content": "Mock SVG content from /assets/marker/drinking_water.svg",
          "id": "drinking_water",
        },
        Object {
          "content": "Mock SVG content from /assets/marker/finish.svg",
          "id": "finish",
        },
        Object {
          "content": "Mock SVG content from /assets/marker/fuel.svg",
          "id": "fuel",
        },
        Object {
          "content": "Mock SVG content from /assets/marker/hiking.svg",
          "id": "hiking",
        },
        Object {
          "content": "Mock SVG content from /assets/marker/hunting_stand.svg",
          "id": "hunting_stand",
        },
        Object {
          "content": "Mock SVG content from /assets/marker/lodging.svg",
          "id": "lodging",
        },
        Object {
          "content": "Mock SVG content from /assets/marker/marketplace.svg",
          "id": "marketplace",
        },
        Object {
          "content": "Mock SVG content from /assets/marker/mud.svg",
          "id": "mud",
        },
        Object {
          "content": "Mock SVG content from /assets/marker/parking.svg",
          "id": "parking",
        },
        Object {
          "content": "Mock SVG content from /assets/marker/peak.svg",
          "id": "peak",
        },
        Object {
          "content": "Mock SVG content from /assets/marker/pharmacy.svg",
          "id": "pharmacy",
        },
        Object {
          "content": "Mock SVG content from /assets/marker/photo.svg",
          "id": "photo",
        },
        Object {
          "content": "Mock SVG content from /assets/marker/picnic.svg",
          "id": "picnic",
        },
        Object {
          "content": "Mock SVG content from /assets/marker/place_of_worship.svg",
          "id": "place_of_worship",
        },
        Object {
          "content": "Mock SVG content from /assets/marker/police.svg",
          "id": "police",
        },
        Object {
          "content": "Mock SVG content from /assets/marker/post_box.svg",
          "id": "post_box",
        },
        Object {
          "content": "Mock SVG content from /assets/marker/post_office.svg",
          "id": "post_office",
        },
        Object {
          "content": "Mock SVG content from /assets/marker/pub.svg",
          "id": "pub",
        },
        Object {
          "content": "Mock SVG content from /assets/marker/recycling.svg",
          "id": "recycling",
        },
        Object {
          "content": "Mock SVG content from /assets/marker/restaurant.svg",
          "id": "restaurant",
        },
        Object {
          "content": "Mock SVG content from /assets/marker/shelter.svg",
          "id": "shelter",
        },
        Object {
          "content": "Mock SVG content from /assets/marker/sight.svg",
          "id": "sight",
        },
        Object {
          "content": "Mock SVG content from /assets/marker/spring.svg",
          "id": "spring",
        },
        Object {
          "content": "Mock SVG content from /assets/marker/start.svg",
          "id": "start",
        },
        Object {
          "content": "Mock SVG content from /assets/marker/start_finish.svg",
          "id": "start_finish",
        },
        Object {
          "content": "Mock SVG content from /assets/marker/store.svg",
          "id": "store",
        },
        Object {
          "content": "Mock SVG content from /assets/marker/sunsetland.svg",
          "id": "sunsetland",
        },
        Object {
          "content": "Mock SVG content from /assets/marker/telephone.svg",
          "id": "telephone",
        },
        Object {
          "content": "Mock SVG content from /assets/marker/toilets.svg",
          "id": "toilets",
        },
        Object {
          "content": "Mock SVG content from /assets/marker/train_station.svg",
          "id": "train_station",
        },
        Object {
          "content": "Mock SVG content from /assets/marker/tree.svg",
          "id": "tree",
        },
        Object {
          "content": "Mock SVG content from /assets/marker/waste_basket.svg",
          "id": "waste_basket",
        },
        Object {
          "content": "Mock SVG content from /assets/marker/water.svg",
          "id": "water",
        },
      ],
      "type": "[Marker icons] Add SVG marker contents",
    },
  ],
]
`;
